[01;34mdocs[00m
â”œâ”€â”€ [01;34mapi[00m
â”‚Â Â  â”œâ”€â”€ cli.rst
â”‚Â Â  â”œâ”€â”€ collection.rst
â”‚Â Â  â”œâ”€â”€ exceptions.rst
â”‚Â Â  â”œâ”€â”€ [01;34mparser[00m
â”‚Â Â  â”‚Â Â  â”œâ”€â”€ argument.rst
â”‚Â Â  â”‚Â Â  â”œâ”€â”€ context.rst
â”‚Â Â  â”‚Â Â  â””â”€â”€ parser.rst
â”‚Â Â  â”œâ”€â”€ parser.rst
â”‚Â Â  â”œâ”€â”€ runner.rst
â”‚Â Â  â”œâ”€â”€ tasks.rst
â”‚Â Â  â””â”€â”€ util.rst
â”œâ”€â”€ api.rst
â”œâ”€â”€ [01;34mconcepts[00m
â”‚Â Â  â”œâ”€â”€ [01;34mcli[00m
â”‚Â Â  â”‚Â Â  â”œâ”€â”€ background.rst
â”‚Â Â  â”‚Â Â  â”œâ”€â”€ execution.rst
â”‚Â Â  â”‚Â Â  â”œâ”€â”€ intro.rst
â”‚Â Â  â”‚Â Â  â””â”€â”€ type_mapping.rst
â”‚Â Â  â”œâ”€â”€ cli.rst
â”‚Â Â  â”œâ”€â”€ execution.rst
â”‚Â Â  â”œâ”€â”€ loading.rst
â”‚Â Â  â””â”€â”€ namespaces.rst
â”œâ”€â”€ concepts.rst
â”œâ”€â”€ conf.py
â”œâ”€â”€ contributing.rst
â”œâ”€â”€ index.rst
â””â”€â”€ prior_art.rst

4 directories, 25 files
